2022-05-10 10:00:24 - Error occurred!2022-08-11 10:00:06 - Error occurred!